src/components/SourceEditor.tsx(1315,1): error TS1005: '}' expected.
